// Jest Snapshot v1, https://goo.gl/fbAQLP

exports[`NotFound renders react component 1`] = `
<section
  className="hero is-danger is-medium"
>
  <div
    className="hero-body"
  >
    <div
      className="container"
    >
      <h1
        className="title"
      >
        Not Found
      </h1>
      <h2
        className="subtitle"
      >
        The page you requested does not exist!
      </h2>
    </div>
  </div>
</section>
`;
