// Jest Snapshot v1, https://goo.gl/fbAQLP

exports[`App renders react component 1`] = `
<div>
  <section
    className="hero is-primary is-medium is-bold"
  >
    <div
      className="hero-head"
    >
      <div
        className="container"
      >
        <div
          className="columns"
        >
          <div
            className="column is-2 is-offset-5"
          >
            <div
              className="dots"
            >
              <span>
                ••
              </span>
            </div>
          </div>
        </div>
      </div>
    </div>
    <div
      className="hero-body"
    >
      <div
        className="container"
      >
        <div
          className="columns"
        >
          <div
            className="column is-1"
          >
            <img
              alt="logo"
              className="app-logo"
              src="logo.png"
            />
          </div>
          <div
            className="column"
          >
            <h1
              className="title"
            >
              Serverless Application
            </h1>
            <h2
              className="subtitle"
            >
              A React client for consuming serverless API!
            </h2>
          </div>
        </div>
      </div>
    </div>
    <div
      className="hero-foot"
    >
      <nav
        className="tabs is-boxed"
      >
        <div
          className="container"
        >
          <ul>
            <li
              className="is-active"
            >
              <a
                aria-current="page"
                className="is-active"
                href="/"
                onClick={[Function]}
                style={Object {}}
              >
                Home
              </a>
            </li>
            <li
              className=""
            >
              <a
                aria-current={null}
                href="/about"
                onClick={[Function]}
              >
                About
              </a>
            </li>
          </ul>
        </div>
      </nav>
    </div>
  </section>
  <section
    className="hero is-info is-medium"
  >
    <div
      className="hero-body"
    >
      <div
        className="container"
      >
        <h1
          className="title"
        >
          Message Panel
        </h1>
        <div
          className="content"
        >
          <p>
            
          </p>
        </div>
      </div>
    </div>
  </section>
</div>
`;
